// Jest Snapshot v1, https://goo.gl/fbAQLP

exports[`artist Container fetches artists albums and renders it to the page 1`] = `Promise {}`;
