// Jest Snapshot v1, https://goo.gl/fbAQLP

exports[`song container fetches song lyrics and renders them to the page 1`] = `Promise {}`;
